// Jest Snapshot v1, https://goo.gl/fbAQLP

exports[`Render Expense List with expenses 1`] = `
<div>
  <ExpenseListItems
    amount={195}
    createAt={0}
    description="Gum"
    id="1"
    key="1"
    note=""
  />
  <ExpenseListItems
    amount={109500}
    createAt={-345600000}
    description="Rent"
    id="2"
    key="2"
    note=""
  />
  <ExpenseListItems
    amount={4500}
    createAt={345600000}
    description="Credit Card"
    id="3"
    key="3"
    note=""
  />
</div>
`;

exports[`Should Render Expense List with empty message expenses 1`] = `
<div>
  <h1>
    Expense List
  </h1>
</div>
`;
