// Jest Snapshot v1, https://goo.gl/fbAQLP

exports[`Render ExpenseListItems with expenses 1`] = `
<div>
  <Link
    replace={false}
    to="/edit/1"
  >
    <h3>
      Gum
       
    </h3>
  </Link>
  <p>
    $1.95
    -
    Wednesday, December 31 1969
  </p>
  <hr />
</div>
`;
